// Jest Snapshot v1, https://goo.gl/fbAQLP

exports[`renders without crashing 1`] = `
<section
  className="mx-auto w-48 flex-col items-center"
>
  <h2>
     Photo of 
    Jack
  </h2>
  <img
    alt="Jack"
    className=""
    src="someImage.png"
    style={
      Object {
        "height": 200,
        "width": 200,
      }
    }
  />
</section>
`;
