// Jest Snapshot v1, https://goo.gl/fbAQLP

exports[`renders correctly 1`] = `
<button
  className="rounded text-white bg-green-500 px-4 py-2"
  onClick={[Function]}
  type="button"
>
  Click Me
</button>
`;
