// Jest Snapshot v1, https://goo.gl/fbAQLP

exports[`renders correctly 1`] = `
<h1
  className="my-8 text-center text-3xl"
  label="title"
>
  Oh, Hi 
  Mark
</h1>
`;
